// Jest Snapshot v1, https://goo.gl/fbAQLP

exports[`List renders correctly according to snapshot 1`] = `
<Memo(FadeIn)>
  <Container
    className="pd-list"
    fluid={false}
  >
    <Row
      className="mt-3"
      noGutters={false}
    >
      <Memo(Item)
        index={0}
        key="Lorem"
        name="Lorem"
      />
      <Memo(Item)
        index={1}
        key="Ipsum"
        name="Ipsum"
      />
    </Row>
  </Container>
</Memo(FadeIn)>
`;
