// Jest Snapshot v1, https://goo.gl/fbAQLP

exports[`FavoriteButton renders correctly according to snapshot 1`] = `
<button
  className="pd-favorite shadow"
  onClick={[Function]}
  type="button"
  variant="primary"
>
  <span
    className="material-icons text-muted"
  >
    favorite_border
  </span>
</button>
`;
